// Jest Snapshot v1, https://goo.gl/fbAQLP

exports[`Footer Footer - render correctly component 1`] = `
<footer
  className="sc-bdVaJa eNrnpL"
>
  Tickets Â© 
  2022
</footer>
`;
